[     334ms] [INFO] %cDownload the React DevTools for a better development experience: https://react.dev/link/react-devtools font-weight:bold @ http://localhost:3000/_next/static/chunks/0oec_next_dist_167ltap._.js:2477
[     400ms] [LOG] [HMR] connected @ http://localhost:3000/_next/static/chunks/0oec_next_dist_167ltap._.js:2477
[     499ms] [WARNING] The width(-1) and height(-1) of chart should be greater than 0,
       please check the style of container, or the props width(100%) and height(100%),
       or add a minWidth(0) or minHeight(undefined) or use aspect(undefined) to control the
       height and width. @ http://localhost:3000/_next/static/chunks/0oec_next_dist_167ltap._.js:2477
[     500ms] [WARNING] The width(-1) and height(-1) of chart should be greater than 0,
       please check the style of container, or the props width(100%) and height(100%),
       or add a minWidth(0) or minHeight(undefined) or use aspect(undefined) to control the
       height and width. @ http://localhost:3000/_next/static/chunks/0oec_next_dist_167ltap._.js:2477
[     501ms] [WARNING] The width(-1) and height(-1) of chart should be greater than 0,
       please check the style of container, or the props width(100%) and height(100%),
       or add a minWidth(0) or minHeight(undefined) or use aspect(undefined) to control the
       height and width. @ http://localhost:3000/_next/static/chunks/0oec_next_dist_167ltap._.js:2477
[     501ms] [WARNING] The width(-1) and height(-1) of chart should be greater than 0,
       please check the style of container, or the props width(100%) and height(100%),
       or add a minWidth(0) or minHeight(undefined) or use aspect(undefined) to control the
       height and width. @ http://localhost:3000/_next/static/chunks/0oec_next_dist_167ltap._.js:2477
[     647ms] [LOG] [Fast Refresh] rebuilding @ http://localhost:3000/_next/static/chunks/0oec_next_dist_167ltap._.js:2477
[     647ms] [LOG] [Fast Refresh] done in 238ms @ http://localhost:3000/_next/static/chunks/0oec_next_dist_167ltap._.js:2477
[    1107ms] [LOG] [Fast Refresh] rebuilding @ http://localhost:3000/_next/static/chunks/0oec_next_dist_167ltap._.js:2477
[    1235ms] [LOG] [Fast Refresh] done in 243ms @ http://localhost:3000/_next/static/chunks/0oec_next_dist_167ltap._.js:2477
[    4412ms] [LOG] [Fast Refresh] rebuilding @ http://localhost:3000/_next/static/chunks/0oec_next_dist_167ltap._.js:2477
[    4577ms] [LOG] [Fast Refresh] done in 270ms @ http://localhost:3000/_next/static/chunks/0oec_next_dist_167ltap._.js:2477
[   10509ms] [LOG] [Fast Refresh] rebuilding @ http://localhost:3000/_next/static/chunks/0oec_next_dist_167ltap._.js:2477
[   10530ms] [LOG] [Fast Refresh] done in 124ms @ http://localhost:3000/_next/static/chunks/0oec_next_dist_167ltap._.js:2477
