[     124ms] [INFO] %cDownload the React DevTools for a better development experience: https://react.dev/link/react-devtools font-weight:bold @ http://localhost:3000/_next/static/chunks/0oec_next_dist_167ltap._.js:2477
[     137ms] [LOG] [HMR] connected @ http://localhost:3000/_next/static/chunks/0oec_next_dist_167ltap._.js:2477
[   17081ms] [LOG] [Fast Refresh] rebuilding @ http://localhost:3000/_next/static/chunks/0oec_next_dist_167ltap._.js:2477
[   17099ms] [LOG] [Fast Refresh] done in 127ms @ http://localhost:3000/_next/static/chunks/0oec_next_dist_167ltap._.js:2477
[  155447ms] [LOG] [Fast Refresh] rebuilding @ http://localhost:3000/_next/static/chunks/0oec_next_dist_167ltap._.js:2477
[  155493ms] [LOG] [Fast Refresh] done in 155ms @ http://localhost:3000/_next/static/chunks/0oec_next_dist_167ltap._.js:2477
[  157591ms] [LOG] [Fast Refresh] rebuilding @ http://localhost:3000/_next/static/chunks/0oec_next_dist_167ltap._.js:2477
[  157623ms] [LOG] [Fast Refresh] done in 138ms @ http://localhost:3000/_next/static/chunks/0oec_next_dist_167ltap._.js:2477
[  157730ms] [LOG] [Fast Refresh] rebuilding @ http://localhost:3000/_next/static/chunks/0oec_next_dist_167ltap._.js:2477
[  157889ms] [LOG] [Fast Refresh] done in 265ms @ http://localhost:3000/_next/static/chunks/0oec_next_dist_167ltap._.js:2477
[  216351ms] [LOG] [Fast Refresh] rebuilding @ http://localhost:3000/_next/static/chunks/0oec_next_dist_167ltap._.js:2477
[  216397ms] [LOG] [Fast Refresh] done in 124ms @ http://localhost:3000/_next/static/chunks/0oec_next_dist_167ltap._.js:2477
[  246157ms] [LOG] [Fast Refresh] rebuilding @ http://localhost:3000/_next/static/chunks/0oec_next_dist_167ltap._.js:2477
[  246701ms] [LOG] [Fast Refresh] done in 650ms @ http://localhost:3000/_next/static/chunks/0oec_next_dist_167ltap._.js:2477
[  246805ms] [LOG] [Fast Refresh] rebuilding @ http://localhost:3000/_next/static/chunks/0oec_next_dist_167ltap._.js:2477
[  246888ms] [LOG] [Fast Refresh] done in 184ms @ http://localhost:3000/_next/static/chunks/0oec_next_dist_167ltap._.js:2477
[  247205ms] [INFO] %cDownload the React DevTools for a better development experience: https://react.dev/link/react-devtools font-weight:bold @ http://localhost:3000/_next/static/chunks/0oec_next_dist_167ltap._.js:2477
[  247219ms] [LOG] [HMR] connected @ http://localhost:3000/_next/static/chunks/0oec_next_dist_167ltap._.js:2477
[  276024ms] [LOG] [Fast Refresh] rebuilding @ http://localhost:3000/_next/static/chunks/0oec_next_dist_167ltap._.js:2477
[  276227ms] [LOG] [Fast Refresh] done in 285ms @ http://localhost:3000/_next/static/chunks/0oec_next_dist_167ltap._.js:2477
[  276332ms] [LOG] [Fast Refresh] rebuilding @ http://localhost:3000/_next/static/chunks/0oec_next_dist_167ltap._.js:2477
[  276452ms] [LOG] [Fast Refresh] done in 223ms @ http://localhost:3000/_next/static/chunks/0oec_next_dist_167ltap._.js:2477
[  276682ms] [INFO] %cDownload the React DevTools for a better development experience: https://react.dev/link/react-devtools font-weight:bold @ http://localhost:3000/_next/static/chunks/0oec_next_dist_167ltap._.js:2477
[  276707ms] [LOG] [HMR] connected @ http://localhost:3000/_next/static/chunks/0oec_next_dist_167ltap._.js:2477
[  299938ms] [LOG] [Fast Refresh] rebuilding @ http://localhost:3000/_next/static/chunks/0oec_next_dist_167ltap._.js:2477
[  299941ms] [LOG] [Fast Refresh] done in 107ms @ http://localhost:3000/_next/static/chunks/0oec_next_dist_167ltap._.js:2477
[  361746ms] [LOG] [Fast Refresh] rebuilding @ http://localhost:3000/_next/static/chunks/0oec_next_dist_167ltap._.js:2477
[  361748ms] [LOG] [Fast Refresh] done in 106ms @ http://localhost:3000/_next/static/chunks/0oec_next_dist_167ltap._.js:2477
[  414250ms] [LOG] [Fast Refresh] rebuilding @ http://localhost:3000/_next/static/chunks/0oec_next_dist_167ltap._.js:2477
[  414533ms] [LOG] [Fast Refresh] done in 383ms @ http://localhost:3000/_next/static/chunks/0oec_next_dist_167ltap._.js:2477
[  414638ms] [LOG] [Fast Refresh] rebuilding @ http://localhost:3000/_next/static/chunks/0oec_next_dist_167ltap._.js:2477
[  414697ms] [LOG] [Fast Refresh] done in 162ms @ http://localhost:3000/_next/static/chunks/0oec_next_dist_167ltap._.js:2477
[  415090ms] [LOG] [Fast Refresh] rebuilding @ http://localhost:3000/_next/static/chunks/0oec_next_dist_167ltap._.js:2477
[  415100ms] [LOG] [Fast Refresh] done in 110ms @ http://localhost:3000/_next/static/chunks/0oec_next_dist_167ltap._.js:2477
[  449335ms] [LOG] [Fast Refresh] rebuilding @ http://localhost:3000/_next/static/chunks/0oec_next_dist_167ltap._.js:2477
[  449391ms] [LOG] [Fast Refresh] done in 115ms @ http://localhost:3000/_next/static/chunks/0oec_next_dist_167ltap._.js:2477
[  449499ms] [LOG] [Fast Refresh] rebuilding @ http://localhost:3000/_next/static/chunks/0oec_next_dist_167ltap._.js:2477
[  449500ms] [LOG] [Fast Refresh] done in 105ms @ http://localhost:3000/_next/static/chunks/0oec_next_dist_167ltap._.js:2477
[  517883ms] [LOG] [Fast Refresh] rebuilding @ http://localhost:3000/_next/static/chunks/0oec_next_dist_167ltap._.js:2477
[  517961ms] [LOG] [Fast Refresh] done in 175ms @ http://localhost:3000/_next/static/chunks/0oec_next_dist_167ltap._.js:2477
[  566739ms] [LOG] [Fast Refresh] rebuilding @ http://localhost:3000/_next/static/chunks/0oec_next_dist_167ltap._.js:2477
[  566830ms] [LOG] [Fast Refresh] done in 151ms @ http://localhost:3000/_next/static/chunks/0oec_next_dist_167ltap._.js:2477
[  566932ms] [LOG] [Fast Refresh] rebuilding @ http://localhost:3000/_next/static/chunks/0oec_next_dist_167ltap._.js:2477
[  566937ms] [LOG] [Fast Refresh] done in 106ms @ http://localhost:3000/_next/static/chunks/0oec_next_dist_167ltap._.js:2477
[  567048ms] [LOG] [Fast Refresh] rebuilding @ http://localhost:3000/_next/static/chunks/0oec_next_dist_167ltap._.js:2477
[  567052ms] [LOG] [Fast Refresh] done in 107ms @ http://localhost:3000/_next/static/chunks/0oec_next_dist_167ltap._.js:2477
[  597230ms] [LOG] [Fast Refresh] rebuilding @ http://localhost:3000/_next/static/chunks/0oec_next_dist_167ltap._.js:2477
[  597315ms] [LOG] [Fast Refresh] done in 53ms @ http://localhost:3000/_next/static/chunks/0oec_next_dist_167ltap._.js:2477
[  621738ms] [LOG] [Fast Refresh] rebuilding @ http://localhost:3000/_next/static/chunks/0oec_next_dist_167ltap._.js:2477
[  621751ms] [LOG] [Fast Refresh] done in 54ms @ http://localhost:3000/_next/static/chunks/0oec_next_dist_167ltap._.js:2477
[  621854ms] [LOG] [Fast Refresh] rebuilding @ http://localhost:3000/_next/static/chunks/0oec_next_dist_167ltap._.js:2477
[  621909ms] [LOG] [Fast Refresh] done in 156ms @ http://localhost:3000/_next/static/chunks/0oec_next_dist_167ltap._.js:2477
[  643386ms] [LOG] [Fast Refresh] rebuilding @ http://localhost:3000/_next/static/chunks/0oec_next_dist_167ltap._.js:2477
[  643410ms] [LOG] [Fast Refresh] done in 58ms @ http://localhost:3000/_next/static/chunks/0oec_next_dist_167ltap._.js:2477
[  643515ms] [LOG] [Fast Refresh] rebuilding @ http://localhost:3000/_next/static/chunks/0oec_next_dist_167ltap._.js:2477
[  643617ms] [LOG] [Fast Refresh] done in 205ms @ http://localhost:3000/_next/static/chunks/0oec_next_dist_167ltap._.js:2477
[  643880ms] [LOG] [Fast Refresh] rebuilding @ http://localhost:3000/_next/static/chunks/0oec_next_dist_167ltap._.js:2477
[  643903ms] [LOG] [Fast Refresh] done in 96ms @ http://localhost:3000/_next/static/chunks/0oec_next_dist_167ltap._.js:2477
[  644067ms] [LOG] [Fast Refresh] rebuilding @ http://localhost:3000/_next/static/chunks/0oec_next_dist_167ltap._.js:2477
[  644201ms] [ERROR] Failed to load resource: the server responded with a status of 404 (Not Found) @ http://localhost:3000/simulator?_rsc=kUvxsNnrdt1p6vw4:0
[  644341ms] [LOG] [Fast Refresh] done in 379ms @ http://localhost:3000/_next/static/chunks/0oec_next_dist_167ltap._.js:2477
[  644355ms] [ERROR] Failed to load resource: the server responded with a status of 404 (Not Found) @ http://localhost:3000/simulator?_rsc=kUvxsNnrdt1p6vw4:0
[  644362ms] [ERROR] Failed to load resource: the server responded with a status of 404 (Not Found) @ http://localhost:3000/simulator:0
[  644534ms] [INFO] %cDownload the React DevTools for a better development experience: https://react.dev/link/react-devtools font-weight:bold @ http://localhost:3000/_next/static/chunks/0oec_next_dist_167ltap._.js:2477
[  644580ms] [LOG] [HMR] connected @ http://localhost:3000/_next/static/chunks/0oec_next_dist_167ltap._.js:2477
[  660673ms] [LOG] [Fast Refresh] rebuilding @ http://localhost:3000/_next/static/chunks/0oec_next_dist_167ltap._.js:2477
[  660729ms] [LOG] [Fast Refresh] done in 156ms @ http://localhost:3000/_next/static/chunks/0oec_next_dist_167ltap._.js:2477
[  736262ms] [LOG] [Fast Refresh] rebuilding @ http://localhost:3000/_next/static/chunks/0oec_next_dist_167ltap._.js:2477
[  736311ms] [LOG] [Fast Refresh] done in 155ms @ http://localhost:3000/_next/static/chunks/0oec_next_dist_167ltap._.js:2477
[  758075ms] [LOG] [Fast Refresh] rebuilding @ http://localhost:3000/_next/static/chunks/0oec_next_dist_167ltap._.js:2477
[  758115ms] [LOG] [Fast Refresh] done in 141ms @ http://localhost:3000/_next/static/chunks/0oec_next_dist_167ltap._.js:2477
[  758247ms] [ERROR] Failed to load resource: the server responded with a status of 404 (Not Found) @ http://localhost:3000/simulator?_rsc=gJvLbHS0Udr_qZza:0
[  758360ms] [LOG] [Fast Refresh] rebuilding @ http://localhost:3000/_next/static/chunks/0oec_next_dist_167ltap._.js:2477
[  758377ms] [LOG] [Fast Refresh] done in 121ms @ http://localhost:3000/_next/static/chunks/0oec_next_dist_167ltap._.js:2477
[  758384ms] [ERROR] Failed to load resource: the server responded with a status of 404 (Not Found) @ http://localhost:3000/simulator?_rsc=gJvLbHS0Udr_qZza:0
[  758497ms] [ERROR] Failed to load resource: the server responded with a status of 404 (Not Found) @ http://localhost:3000/simulator:0
[  758602ms] [INFO] %cDownload the React DevTools for a better development experience: https://react.dev/link/react-devtools font-weight:bold @ http://localhost:3000/_next/static/chunks/0oec_next_dist_167ltap._.js:2477
[  758662ms] [LOG] [HMR] connected @ http://localhost:3000/_next/static/chunks/0oec_next_dist_167ltap._.js:2477
[  775906ms] [LOG] [Fast Refresh] rebuilding @ http://localhost:3000/_next/static/chunks/0oec_next_dist_167ltap._.js:2477
[  775929ms] [LOG] [Fast Refresh] done in 124ms @ http://localhost:3000/_next/static/chunks/0oec_next_dist_167ltap._.js:2477
[  787682ms] [LOG] [Fast Refresh] rebuilding @ http://localhost:3000/_next/static/chunks/0oec_next_dist_167ltap._.js:2477
[  787751ms] [LOG] [Fast Refresh] done in 174ms @ http://localhost:3000/_next/static/chunks/0oec_next_dist_167ltap._.js:2477
[  812185ms] [LOG] [Fast Refresh] rebuilding @ http://localhost:3000/_next/static/chunks/0oec_next_dist_167ltap._.js:2477
[  813397ms] [LOG] [HMR] connected @ http://localhost:3000/_next/static/chunks/0oec_next_dist_167ltap._.js:2477
[  813942ms] [ERROR] Failed to load resource: the server responded with a status of 404 (Not Found) @ http://localhost:3000/simulator:0
[  814024ms] [INFO] %cDownload the React DevTools for a better development experience: https://react.dev/link/react-devtools font-weight:bold @ http://localhost:3000/_next/static/chunks/0oec_next_dist_167ltap._.js:2477
[  814042ms] [LOG] [HMR] connected @ http://localhost:3000/_next/static/chunks/0oec_next_dist_167ltap._.js:2477
[  856439ms] [LOG] [Fast Refresh] rebuilding @ http://localhost:3000/_next/static/chunks/0oec_next_dist_167ltap._.js:2477
[  856450ms] [LOG] [Fast Refresh] done in 69ms @ http://localhost:3000/_next/static/chunks/0oec_next_dist_167ltap._.js:2477
[  856557ms] [ERROR] Failed to load resource: the server responded with a status of 404 (Not Found) @ http://localhost:3000/simulator?_rsc=gJvLbHS0Udr_qZza:0
[  856648ms] [ERROR] Failed to load resource: the server responded with a status of 404 (Not Found) @ http://localhost:3000/simulator:0
[  856695ms] [INFO] %cDownload the React DevTools for a better development experience: https://react.dev/link/react-devtools font-weight:bold @ http://localhost:3000/_next/static/chunks/0oec_next_dist_167ltap._.js:2477
[  856708ms] [LOG] [HMR] connected @ http://localhost:3000/_next/static/chunks/0oec_next_dist_167ltap._.js:2477
[  928563ms] [LOG] [Fast Refresh] rebuilding @ http://localhost:3000/_next/static/chunks/0oec_next_dist_167ltap._.js:2477
[  928595ms] [LOG] [Fast Refresh] done in 139ms @ http://localhost:3000/_next/static/chunks/0oec_next_dist_167ltap._.js:2477
[  935987ms] [LOG] [Fast Refresh] rebuilding @ http://localhost:3000/_next/static/chunks/0oec_next_dist_167ltap._.js:2477
[  936042ms] [LOG] [Fast Refresh] done in 159ms @ http://localhost:3000/_next/static/chunks/0oec_next_dist_167ltap._.js:2477
[  938230ms] [LOG] [Fast Refresh] rebuilding @ http://localhost:3000/_next/static/chunks/0oec_next_dist_167ltap._.js:2477
[  938338ms] [LOG] [Fast Refresh] done in 210ms @ http://localhost:3000/_next/static/chunks/0oec_next_dist_167ltap._.js:2477
[  938484ms] [LOG] [Fast Refresh] rebuilding @ http://localhost:3000/_next/static/chunks/0oec_next_dist_167ltap._.js:2477
[  938678ms] [LOG] [Fast Refresh] done in 299ms @ http://localhost:3000/_next/static/chunks/0oec_next_dist_167ltap._.js:2477
[  955975ms] [LOG] [Fast Refresh] rebuilding @ http://localhost:3000/_next/static/chunks/0oec_next_dist_167ltap._.js:2477
[  955978ms] [LOG] [Fast Refresh] done in 107ms @ http://localhost:3000/_next/static/chunks/0oec_next_dist_167ltap._.js:2477
[ 1009182ms] [LOG] [Fast Refresh] rebuilding @ http://localhost:3000/_next/static/chunks/0oec_next_dist_167ltap._.js:2477
[ 1009199ms] [LOG] [Fast Refresh] done in 123ms @ http://localhost:3000/_next/static/chunks/0oec_next_dist_167ltap._.js:2477
[ 1018888ms] [LOG] [Fast Refresh] rebuilding @ http://localhost:3000/_next/static/chunks/0oec_next_dist_167ltap._.js:2477
[ 1018951ms] [LOG] [Fast Refresh] done in 164ms @ http://localhost:3000/_next/static/chunks/0oec_next_dist_167ltap._.js:2477
[ 1036365ms] [LOG] [Fast Refresh] rebuilding @ http://localhost:3000/_next/static/chunks/0oec_next_dist_167ltap._.js:2477
[ 1036460ms] [LOG] [Fast Refresh] done in 196ms @ http://localhost:3000/_next/static/chunks/0oec_next_dist_167ltap._.js:2477
[ 1040492ms] [LOG] [Fast Refresh] rebuilding @ http://localhost:3000/_next/static/chunks/0oec_next_dist_167ltap._.js:2477
[ 1040526ms] [LOG] [Fast Refresh] done in 139ms @ http://localhost:3000/_next/static/chunks/0oec_next_dist_167ltap._.js:2477
[ 1041861ms] [LOG] [Fast Refresh] rebuilding @ http://localhost:3000/_next/static/chunks/0oec_next_dist_167ltap._.js:2477
[ 1042018ms] [LOG] [Fast Refresh] done in 259ms @ http://localhost:3000/_next/static/chunks/0oec_next_dist_167ltap._.js:2477
[ 1048504ms] [LOG] [Fast Refresh] rebuilding @ http://localhost:3000/_next/static/chunks/0oec_next_dist_167ltap._.js:2477
[ 1048586ms] [LOG] [Fast Refresh] done in 185ms @ http://localhost:3000/_next/static/chunks/0oec_next_dist_167ltap._.js:2477
[ 1069868ms] [LOG] [Fast Refresh] rebuilding @ http://localhost:3000/_next/static/chunks/0oec_next_dist_167ltap._.js:2477
[ 1069934ms] [LOG] [Fast Refresh] done in 167ms @ http://localhost:3000/_next/static/chunks/0oec_next_dist_167ltap._.js:2477
[ 1070038ms] [LOG] [Fast Refresh] rebuilding @ http://localhost:3000/_next/static/chunks/0oec_next_dist_167ltap._.js:2477
[ 1070059ms] [LOG] [Fast Refresh] done in 124ms @ http://localhost:3000/_next/static/chunks/0oec_next_dist_167ltap._.js:2477
[ 1070159ms] [LOG] [Fast Refresh] rebuilding @ http://localhost:3000/_next/static/chunks/0oec_next_dist_167ltap._.js:2477
[ 1070212ms] [LOG] [Fast Refresh] done in 152ms @ http://localhost:3000/_next/static/chunks/0oec_next_dist_167ltap._.js:2477
[ 1070947ms] [LOG] [Fast Refresh] rebuilding @ http://localhost:3000/_next/static/chunks/0oec_next_dist_167ltap._.js:2477
[ 1071065ms] [LOG] [Fast Refresh] done in 219ms @ http://localhost:3000/_next/static/chunks/0oec_next_dist_167ltap._.js:2477
[ 1075092ms] [LOG] [Fast Refresh] rebuilding @ http://localhost:3000/_next/static/chunks/0oec_next_dist_167ltap._.js:2477
[ 1075139ms] [LOG] [Fast Refresh] done in 151ms @ http://localhost:3000/_next/static/chunks/0oec_next_dist_167ltap._.js:2477
[ 1075244ms] [LOG] [Fast Refresh] rebuilding @ http://localhost:3000/_next/static/chunks/0oec_next_dist_167ltap._.js:2477
[ 1075247ms] [LOG] [Fast Refresh] done in 108ms @ http://localhost:3000/_next/static/chunks/0oec_next_dist_167ltap._.js:2477
[ 1075351ms] [LOG] [Fast Refresh] rebuilding @ http://localhost:3000/_next/static/chunks/0oec_next_dist_167ltap._.js:2477
[ 1075535ms] [LOG] [Fast Refresh] done in 286ms @ http://localhost:3000/_next/static/chunks/0oec_next_dist_167ltap._.js:2477
[ 1078099ms] [LOG] [Fast Refresh] rebuilding @ http://localhost:3000/_next/static/chunks/0oec_next_dist_167ltap._.js:2477
[ 1078102ms] [LOG] [Fast Refresh] done in 87ms @ http://localhost:3000/_next/static/chunks/0oec_next_dist_167ltap._.js:2477
[ 1078235ms] [ERROR] Failed to load resource: the server responded with a status of 404 (Not Found) @ http://localhost:3000/simulator?_rsc=gJvLbHS0Udr_qZza:0
[ 1078349ms] [ERROR] Failed to load resource: the server responded with a status of 404 (Not Found) @ http://localhost:3000/simulator:0
[ 1078416ms] [INFO] %cDownload the React DevTools for a better development experience: https://react.dev/link/react-devtools font-weight:bold @ http://localhost:3000/_next/static/chunks/0oec_next_dist_167ltap._.js:2477
[ 1078434ms] [LOG] [HMR] connected @ http://localhost:3000/_next/static/chunks/0oec_next_dist_167ltap._.js:2477
[ 1098170ms] [LOG] [Fast Refresh] rebuilding @ http://localhost:3000/_next/static/chunks/0oec_next_dist_167ltap._.js:2477
[ 1098296ms] [LOG] [Fast Refresh] done in 231ms @ http://localhost:3000/_next/static/chunks/0oec_next_dist_167ltap._.js:2477
[ 1193319ms] [LOG] [Fast Refresh] rebuilding @ http://localhost:3000/_next/static/chunks/0oec_next_dist_167ltap._.js:2477
[ 1193340ms] [LOG] [Fast Refresh] done in 124ms @ http://localhost:3000/_next/static/chunks/0oec_next_dist_167ltap._.js:2477
[ 1222096ms] [LOG] [Fast Refresh] rebuilding @ http://localhost:3000/_next/static/chunks/0oec_next_dist_167ltap._.js:2477
[ 1222955ms] [LOG] [Fast Refresh] done in 938ms @ http://localhost:3000/_next/static/chunks/0oec_next_dist_167ltap._.js:2477
[ 1223037ms] [ERROR] Failed to load resource: the server responded with a status of 404 (Not Found) @ http://localhost:3000/simulator?_rsc=gJvLbHS0Udr_qZza:0
[ 1223146ms] [LOG] [Fast Refresh] rebuilding @ http://localhost:3000/_next/static/chunks/0oec_next_dist_167ltap._.js:2477
[ 1223147ms] [LOG] [Fast Refresh] done in 102ms @ http://localhost:3000/_next/static/chunks/0oec_next_dist_167ltap._.js:2477
[ 1223152ms] [ERROR] Failed to load resource: the server responded with a status of 404 (Not Found) @ http://localhost:3000/simulator?_rsc=gJvLbHS0Udr_qZza:0
[ 1223159ms] [ERROR] Failed to load resource: the server responded with a status of 404 (Not Found) @ http://localhost:3000/simulator:0
[ 1223233ms] [INFO] %cDownload the React DevTools for a better development experience: https://react.dev/link/react-devtools font-weight:bold @ http://localhost:3000/_next/static/chunks/0oec_next_dist_167ltap._.js:2477
[ 1223246ms] [LOG] [HMR] connected @ http://localhost:3000/_next/static/chunks/0oec_next_dist_167ltap._.js:2477
[ 1223792ms] [LOG] [Fast Refresh] rebuilding @ http://localhost:3000/_next/static/chunks/0oec_next_dist_167ltap._.js:2477
[ 1223871ms] [LOG] [Fast Refresh] done in 182ms @ http://localhost:3000/_next/static/chunks/0oec_next_dist_167ltap._.js:2477
[ 1242896ms] [LOG] [Fast Refresh] rebuilding @ http://localhost:3000/_next/static/chunks/0oec_next_dist_167ltap._.js:2477
[ 1242991ms] [LOG] [Fast Refresh] done in 201ms @ http://localhost:3000/_next/static/chunks/0oec_next_dist_167ltap._.js:2477
[ 1243283ms] [LOG] [Fast Refresh] rebuilding @ http://localhost:3000/_next/static/chunks/0oec_next_dist_167ltap._.js:2477
[ 1243375ms] [LOG] [Fast Refresh] done in 197ms @ http://localhost:3000/_next/static/chunks/0oec_next_dist_167ltap._.js:2477
[ 1267036ms] [LOG] [Fast Refresh] rebuilding @ http://localhost:3000/_next/static/chunks/0oec_next_dist_167ltap._.js:2477
[ 1267118ms] [LOG] [Fast Refresh] done in 188ms @ http://localhost:3000/_next/static/chunks/0oec_next_dist_167ltap._.js:2477
[ 1268199ms] [LOG] [Fast Refresh] rebuilding @ http://localhost:3000/_next/static/chunks/0oec_next_dist_167ltap._.js:2477
[ 1268252ms] [LOG] [Fast Refresh] done in 154ms @ http://localhost:3000/_next/static/chunks/0oec_next_dist_167ltap._.js:2477
[ 1274633ms] [LOG] [Fast Refresh] rebuilding @ http://localhost:3000/_next/static/chunks/0oec_next_dist_167ltap._.js:2477
[ 1274638ms] [LOG] [Fast Refresh] done in 78ms @ http://localhost:3000/_next/static/chunks/0oec_next_dist_167ltap._.js:2477
[ 1274799ms] [ERROR] Failed to load resource: the server responded with a status of 500 (Internal Server Error) @ http://localhost:3000/simulator?_rsc=gJvLbHS0Udr_qZza:0
[ 1274812ms] [LOG] [Fast Refresh] rebuilding @ http://localhost:3000/_next/static/chunks/0oec_next_dist_167ltap._.js:2477
[ 1274886ms] [ERROR] Failed to load resource: the server responded with a status of 500 (Internal Server Error) @ http://localhost:3000/simulator:0
[14130540ms] [ERROR] Failed to load resource: the server responded with a status of 500 () @ https://mischa.mokka-dev.de/api/db/calls:0
